[www.eecs70.org/index.html]
[www.eecs70.org/assets/open-sans.css]
[www.eecs70.org/assets/main.css]
[www.eecs70.org/assets/open-iconic-bootstrap.min.css]
[www.eecs70.org/assets/bootstrap.min.css]
[www.eecs70.org/assets/bootstrap-toc.min.css]
[www.eecs70.org/assets/fullcalendar.min.css]
[www.eecs70.org/favicon.ico]
[www.googletagmanager.com/gtag/jsd3ba]
[www.eecs70.org/assets/bootstrap-toc.min.js]
[www.eecs70.org/assets/jquery.min.js]
[www.eecs70.org/assets/moment.min.js]
[www.eecs70.org/assets/bootstrap.bundle.min.js]
[backblue.gif]
[fade.gif]
[index.html]
[www.eecs70.org/assets/penguin_and_pigeon.png]
[www.eecs70.org/discussions/index.html]
[www.eecs70.org/assets/fullcalendar.min.js]
[www.eecs70.org/calendar/index.html]
[www.eecs70.org/policies/index.html]
[www.eecs70.org/resources/index.html]
[www.eecs70.org/staff/index.html]
[edstem.org/us/join/Pd2FHM.html]
[oh.eecs70.org/index.html]
[bcourses.berkeley.edu/courses/1551726/pages/lecture-1.11.delayed]
[bcourses.berkeley.edu/login]
[bcourses.berkeley.edu/login/cas]
[www.eecs70.org/assets/pdf/slides/lec1.pdf]
[www.eecs70.org/assets/pdf/slides/lec1_annotated.pdf]
[www.eecs70.org/assets/pdf/mini-vitamins/mini-vitamin-0a.pdf]
[www.eecs70.org/assets/pdf/notes/n0.pdf]
[www.eecs70.org/assets/pdf/notes/n1.pdf]
[www.eecs70.org/assets/pdf/dis00a.pdf]
[www.eecs70.org/assets/pdf/dis00a-sol.pdf]
[www.eecs70.org/assets/pdf/dis00b.pdf]
[www.eecs70.org/assets/pdf/dis00b-sol.pdf]
[www.eecs70.org/assets/pdf/hw00.pdf]
[www.eecs70.org/assets/pdf/hw00-sol.pdf]
[bcourses.berkeley.edu/courses/1551726/pages/lecture-2.20.delayed]
[bcourses.berkeley.edu/login]
[www.eecs70.org/assets/pdf/slides/lec2.pdf]
[www.eecs70.org/assets/pdf/slides/lec2_annotated.pdf]
[www.eecs70.org/assets/pdf/mini-vitamins/mini-vitamin-0b.pdf]
[www.eecs70.org/assets/pdf/notes/n2.pdf]
[bcourses.berkeley.edu/courses/1551726/pages/lecture-3-2.26.delayed]
[www.eecs70.org/assets/pdf/slides/lec3.pdf]
[www.eecs70.org/assets/pdf/slides/lec3_annotated.pdf]
[www.eecs70.org/assets/pdf/mini-vitamins/mini-vitamin-1a.pdf]
[www.eecs70.org/assets/pdf/notes/n3.pdf]
[www.eecs70.org/assets/pdf/dis01a.pdf]
[www.eecs70.org/assets/pdf/dis01a-sol.pdf]
[www.eecs70.org/assets/pdf/dis01b.pdf]
[www.eecs70.org/assets/pdf/hw01.pdf]
[www.eecs70.org/assets/pdf/hw01-sol.pdf]
[bcourses.berkeley.edu/courses/1551726/pages/lecture-4.31.delayed]
[www.eecs70.org/assets/pdf/slides/lec4.pdf]
[www.eecs70.org/assets/pdf/slides/lec4_annotated.pdf]
[www.eecs70.org/assets/pdf/mini-vitamins/mini-vitamin-1b.pdf]
[www.eecs70.org/assets/pdf/notes/n4.pdf]
[bcourses.berkeley.edu/courses/1551726/pages/lecture-5.36.delayed]
[www.eecs70.org/assets/pdf/slides/lec5_annotated.pdf]
[www.eecs70.org/assets/pdf/mini-vitamins/mini-vitamin-2a.pdf]
[www.eecs70.org/assets/pdf/notes/n5.pdf]
[www.eecs70.org/assets/pdf/dis02a.pdf]
[www.eecs70.org/assets/pdf/dis02a-sol.pdf]
[www.eecs70.org/assets/pdf/dis02b.pdf]
[www.eecs70.org/assets/pdf/dis02b-sol.pdf]
[www.eecs70.org/assets/pdf/hw02.pdf]
[www.eecs70.org/assets/pdf/hw02-sol.pdf]
[bcourses.berkeley.edu/courses/1551726/pages/lecture-6.41.delayed]
[www.eecs70.org/assets/pdf/slides/lec6_annotated.pdf]
[www.eecs70.org/assets/pdf/mini-vitamins/mini-vitamin-2b.pdf]
[www.eecs70.org/assets/pdf/slides/lec7.pdf]
[www.eecs70.org/assets/pdf/slides/lec7_annotated.pdf]
[www.eecs70.org/assets/pdf/mini-vitamins/mini-vitamin-3a.pdf]
[www.eecs70.org/assets/pdf/notes/n6.pdf]
[www.eecs70.org/assets/pdf/dis03a.pdf]
[www.eecs70.org/assets/pdf/dis03a-sol.pdf]
[www.eecs70.org/assets/pdf/dis03b.pdf]
[www.eecs70.org/assets/pdf/dis03b-sol.pdf]
[www.eecs70.org/assets/pdf/hw03.pdf]
[www.eecs70.org/assets/pdf/hw03-sol.pdf]
[bcourses.berkeley.edu/courses/1551726/pages/lecture-8.50.delayed]
[www.eecs70.org/assets/pdf/slides/lec8.pdf]
[www.eecs70.org/assets/pdf/slides/lec8_annotated.pdf]
[www.eecs70.org/assets/pdf/mini-vitamins/mini-vitamin-3b.pdf]
[www.eecs70.org/assets/pdf/notes/n7.pdf]
[bcourses.berkeley.edu/courses/1551726/pages/lecture-9.55.delayed]
[www.eecs70.org/assets/pdf/slides/lec9.pdf]
[www.eecs70.org/assets/pdf/slides/lec9_annotated.pdf]
[www.eecs70.org/assets/pdf/mini-vitamins/mini-vitamin-4a.pdf]
[www.eecs70.org/assets/pdf/dis04a.pdf]
[www.eecs70.org/assets/pdf/dis04a-sol.pdf]
[www.eecs70.org/assets/pdf/dis04b.pdf]
[www.eecs70.org/assets/pdf/dis04b-sol.pdf]
[www.eecs70.org/assets/pdf/hw04.pdf]
[www.eecs70.org/assets/pdf/hw04-sol.pdf]
[bcourses.berkeley.edu/courses/1551726/pages/lecture-10.5f.delayed]
[www.eecs70.org/assets/pdf/slides/lec10.pdf]
[www.eecs70.org/assets/pdf/mini-vitamins/mini-vitamin-4b.pdf]
[www.eecs70.org/assets/pdf/notes/n8.pdf]
[bcourses.berkeley.edu/courses/1551726/pages/lecture-11.64.delayed]
[www.eecs70.org/assets/pdf/slides/lec11.pdf]
[www.eecs70.org/assets/pdf/slides/lec11_annotated.pdf]
[www.eecs70.org/assets/pdf/mini-vitamins/mini-vitamin-5a.pdf]
[www.eecs70.org/assets/pdf/notes/n9.pdf]
[www.eecs70.org/assets/pdf/dis05a.pdf]
[www.eecs70.org/assets/pdf/dis05a-sol.pdf]
[www.eecs70.org/assets/pdf/dis05b.pdf]
[www.eecs70.org/assets/pdf/dis05b-sol.pdf]
[www.eecs70.org/assets/pdf/hw05.pdf]
[www.eecs70.org/assets/pdf/hw05-sol.pdf]
[bcourses.berkeley.edu/courses/1551726/pages/lecture-12.6f.delayed]
[www.eecs70.org/assets/pdf/slides/lec12.pdf]
[www.eecs70.org/assets/pdf/slides/lec12_annotated.pdf]
[www.eecs70.org/assets/pdf/mini-vitamins/mini-vitamin-5b.pdf]
[www.eecs70.org/assets/pdf/notes/n10.pdf]
[bcourses.berkeley.edu/courses/1551726/pages/lecture-13.74.delayed]
[www.eecs70.org/assets/pdf/slides/lec13.pdf]
[www.eecs70.org/assets/pdf/slides/lec13_annotated.pdf]
[www.eecs70.org/assets/pdf/mini-vitamins/mini-vitamin-6a.pdf]
[www.eecs70.org/assets/pdf/notes/n11.pdf]
[www.eecs70.org/assets/pdf/dis06a.pdf]
[www.eecs70.org/assets/pdf/dis06a-sol.pdf]
[www.eecs70.org/assets/pdf/dis06b-sol.pdf]
[www.eecs70.org/assets/pdf/hw06.pdf]
[www.eecs70.org/assets/pdf/hw06-sol.pdf]
[bcourses.berkeley.edu/courses/1551726/pages/lecture-14.7f.delayed]
[www.eecs70.org/assets/pdf/slides/lec14.pdf]
[www.eecs70.org/assets/pdf/mini-vitamins/mini-vitamin-6b.pdf]
[www.eecs70.org/assets/pdf/notes/n12.pdf]
[bcourses.berkeley.edu/courses/1551726/pages/lecture-15.83.delayed]
[www.eecs70.org/assets/pdf/slides/lec15.pdf]
[www.eecs70.org/assets/pdf/dis07a.pdf]
[www.eecs70.org/assets/pdf/dis07a-sol.pdf]
[www.eecs70.org/assets/pdf/dis07b.pdf]
[www.eecs70.org/assets/pdf/dis07b-sol.pdf]
[bcourses.berkeley.edu/courses/1551726/pages/discussion-7b-walkthrough.8a.delayed]
[bcourses.berkeley.edu/courses/1551726/pages/lecture-16]
[www.eecs70.org/assets/pdf/slides/lec16.pdf]
[www.eecs70.org/assets/pdf/mini-vitamins/mini-vitamin-8a.pdf]
[www.eecs70.org/assets/pdf/notes/n13.pdf]
[www.eecs70.org/assets/pdf/dis08a.pdf]
[www.eecs70.org/assets/pdf/dis08a-sol.pdf]
[www.eecs70.org/assets/pdf/dis08b.pdf]
[www.eecs70.org/assets/pdf/dis08b-sol.pdf]
[www.eecs70.org/assets/pdf/hw08.pdf]
[www.eecs70.org/assets/pdf/hw08-sol.pdf]
[bcourses.berkeley.edu/courses/1551726/pages/homework-8-walkthrough.95.delayed]
[bcourses.berkeley.edu/courses/1551726/pages/lecture-17]
[www.eecs70.org/assets/pdf/slides/lec17.pdf]
[www.eecs70.org/assets/pdf/mini-vitamins/mini-vitamin-8b.pdf]
[www.eecs70.org/assets/pdf/notes/n14.pdf]
[bcourses.berkeley.edu/courses/1551726/pages/lecture-18.9a.delayed]
[www.eecs70.org/assets/pdf/slides/lec18.pdf]
[www.eecs70.org/assets/pdf/mini-vitamins/mini-vitamin-10a.pdf]
[www.eecs70.org/assets/pdf/dis10a.pdf]
[www.eecs70.org/assets/pdf/dis10a-sol.pdf]
[www.eecs70.org/assets/pdf/dis10b.pdf]
[www.eecs70.org/assets/pdf/dis10b-sol.pdf]
[www.eecs70.org/assets/pdf/hw10.pdf]
[www.eecs70.org/assets/pdf/hw10-sol.pdf]
[bcourses.berkeley.edu/courses/1551726/pages/homework-10-walkthrough.a3.delayed]
[bcourses.berkeley.edu/courses/1551726/pages/lecture-19]
[www.eecs70.org/assets/pdf/slides/lec19.pdf]
[www.eecs70.org/assets/pdf/mini-vitamins/mini-vitamin-10b.pdf]
[www.eecs70.org/assets/pdf/notes/n15.pdf]
[bcourses.berkeley.edu/courses/1551726/pages/lecture-20.a8.delayed]
[www.eecs70.org/assets/pdf/slides/lec20.pdf]
[www.eecs70.org/assets/pdf/mini-vitamins/mini-vitamin-11a.pdf]
[www.eecs70.org/assets/pdf/notes/n16.pdf]
[www.eecs70.org/assets/pdf/dis11a.pdf]
[www.eecs70.org/assets/pdf/dis11a-sol.pdf]
[www.eecs70.org/assets/pdf/dis11b.pdf]
[www.eecs70.org/assets/pdf/dis11b-sol.pdf]
[www.eecs70.org/assets/pdf/hw11.pdf]
[bcourses.berkeley.edu/courses/1551726/pages/homework-11-walkthrough.b2.delayed]
[bcourses.berkeley.edu/courses/1551726/pages/lecture-21]
[www.eecs70.org/assets/pdf/slides/lec21.pdf]
[www.eecs70.org/assets/pdf/mini-vitamins/mini-vitamin-11b.pdf]
[www.eecs70.org/assets/pdf/notes/n17.pdf]
[bcourses.berkeley.edu/courses/1551726/pages/lecture-22.b7.delayed]
[www.eecs70.org/assets/pdf/slides/lec22.pdf]
[www.eecs70.org/assets/pdf/mini-vitamins/mini-vitamin-12a.pdf]
[www.eecs70.org/assets/pdf/notes/n18.pdf]
[www.eecs70.org/assets/pdf/dis12a.pdf]
[www.eecs70.org/assets/pdf/dis12a-sol.pdf]
[www.eecs70.org/assets/pdf/dis12b.pdf]
[www.eecs70.org/assets/pdf/dis12b-sol.pdf]
[www.eecs70.org/assets/pdf/hw12.pdf]
[www.eecs70.org/assets/pdf/hw12-sol.pdf]
[bcourses.berkeley.edu/courses/1551726/pages/homework-12-walkthrough.c1.delayed]
[bcourses.berkeley.edu/courses/1551726/pages/lecture-23]
[www.eecs70.org/assets/pdf/slides/lec23.pdf]
[www.eecs70.org/assets/pdf/mini-vitamins/mini-vitamin-12b.pdf]
[www.eecs70.org/assets/pdf/notes/n19.pdf]
[bcourses.berkeley.edu/courses/1551726/pages/lecture-24.c6.delayed]
[www.eecs70.org/assets/pdf/slides/lec24.pdf]
[www.eecs70.org/assets/pdf/mini-vitamins/mini-vitamin-13a.pdf]
[www.eecs70.org/assets/pdf/notes/n20.pdf]
[www.eecs70.org/assets/pdf/dis13a.pdf]
[www.eecs70.org/assets/pdf/dis13a-sol.pdf]
[www.eecs70.org/assets/pdf/dis13b.pdf]
[www.eecs70.org/assets/pdf/dis13b-sol.pdf]
[www.eecs70.org/assets/pdf/hw13.pdf]
[www.eecs70.org/assets/pdf/hw13-sol.pdf]
[bcourses.berkeley.edu/courses/1551726/pages/homework-13-walkthrough.d0.delayed]
[bcourses.berkeley.edu/courses/1551726/pages/lecture-25]
[www.eecs70.org/assets/pdf/slides/lec25.pdf]
[www.eecs70.org/assets/pdf/mini-vitamins/mini-vitamin-13b.pdf]
[bcourses.berkeley.edu/courses/1551726/pages/lecture-26.d4.delayed]
[www.eecs70.org/assets/pdf/slides/lec26.pdf]
[www.eecs70.org/assets/pdf/mini-vitamins/mini-vitamin-14a.pdf]
[www.eecs70.org/assets/pdf/notes/n21.pdf]
[www.eecs70.org/assets/pdf/dis14a.pdf]
[www.eecs70.org/assets/pdf/dis14b.pdf]
[www.eecs70.org/assets/pdf/hw14.pdf]
[www.eecs70.org/index.html]
[www.eecs70.org/assets/bootstrap.min.css]
[www.eecs70.org/assets/fonts/open-sans-v15-latin-regular.eot]
[www.eecs70.org/assets/fonts/open-sans-v15-latin-regulard41d.eot]
[www.eecs70.org/assets/fonts/open-sans-v15-latin-regular.woff2]
[www.eecs70.org/assets/fonts/open-sans-v15-latin-regular.woff]
[www.eecs70.org/assets/fonts/open-sans-v15-latin-regular.svg]
[www.eecs70.org/assets/fonts/open-sans-v15-latin-regular.ttf]
[www.eecs70.org/assets/fonts/open-sans-v15-latin-700.woff2]
[www.eecs70.org/assets/fonts/open-sans-v15-latin-700.eot]
[www.eecs70.org/assets/fonts/open-sans-v15-latin-700.woff]
[www.eecs70.org/assets/fonts/open-sans-v15-latin-700d41d.eot]
[www.eecs70.org/assets/open-sans.css]
[www.eecs70.org/assets/main.css]
[www.eecs70.org/assets/fonts/open-sans-v15-latin-700.ttf]
[www.eecs70.org/assets/fonts/open-iconic.eot]
[www.eecs70.org/assets/fonts/open-iconic.woff]
[www.eecs70.org/assets/fonts/open-sans-v15-latin-700.svg]
[www.eecs70.org/assets/fonts/open-iconic.ttf]
[www.eecs70.org/assets/fonts/open-iconic.otf]
[www.eecs70.org/assets/fonts/open-iconicd41d.eot]
[www.eecs70.org/assets/open-iconic-bootstrap.min.css]
[www.eecs70.org/assets/bootstrap-toc.min.css]
[www.eecs70.org/assets/fullcalendar.min.css]
[www.eecs70.org/assets/staff-images/celine-tan.jpg]
[www.eecs70.org/assets/staff-images/mihir-singhal.jpg]
[www.eecs70.org/assets/staff-images/sylvie-venuto.jpg]
[www.eecs70.org/assets/fonts/open-iconic.svg]
[www.eecs70.org/assets/staff-images/tianyu-liang.jpg]
[www.eecs70.org/assets/staff-images/malia-kowal.jpg]
[www.eecs70.org/assets/staff-images/jay-yeung.jpg]
[www.eecs70.org/assets/staff-images/andy-joe.jpg]
[www.eecs70.org/assets/staff-images/jonathan-quitoriano.jpg]
[www.eecs70.org/assets/staff-images/sam-poder.jpg]
[www.eecs70.org/assets/staff-images/jia-jun-luo.jpg]
[www.eecs70.org/assets/staff-images/erica-liu.jpg]
[www.eecs70.org/assets/staff-images/gavin-zhang.jpg]
[www.eecs70.org/discussions/index.html]
[www.eecs70.org/calendar/index.html]
[www.eecs70.org/resources/survival-tips.html]
[www.eecs70.org/policies/index.html]
[www.eecs70.org/resources/ed-etiquette/index.html]
[www.eecs70.org/resources/previous-exams.html]
[www.eecs70.org/resources/latex-guide/index.html]
[www.eecs70.org/resources/index.html]
[www.eecs70.org/assets/staff-images/alistair-sinclair.jpg]
[www.eecs70.org/assets/staff-images/yun-s-song.jpg]
[www.eecs70.org/assets/staff-images/jessica-ng.jpg]
[www.eecs70.org/assets/staff-images/aarush-chaubey.jpg]
[www.eecs70.org/assets/staff-images/altay-hodoglugil.jpg]
[www.eecs70.org/assets/staff-images/aniket-kamat.png]
[www.eecs70.org/assets/staff-images/avi-gupta.png]
[www.eecs70.org/assets/staff-images/isaac-tsang.jpg]
[www.eecs70.org/assets/staff-images/jai-sharma.png]
[www.eecs70.org/assets/staff-images/jefferson-jinchuan-li.jpg]
[www.eecs70.org/assets/staff-images/joon-kim.jpg]
[www.eecs70.org/assets/staff-images/katie-wang.jpg]
[www.eecs70.org/assets/staff-images/kepha-sher.jpg]
[www.eecs70.org/assets/staff-images/lima-ondine.jpg]
[www.eecs70.org/assets/staff-images/melody-wu.jpg]
[www.eecs70.org/assets/staff-images/minqing-dong.jpg]
[www.eecs70.org/assets/staff-images/rohan-gopalam.png]
[www.eecs70.org/assets/staff-images/sidharth-sharma.png]
[www.eecs70.org/assets/staff-images/william-wu.jpg]
[www.eecs70.org/assets/staff-images/audrey-wong.png]
[www.eecs70.org/assets/staff-images/gary-sun.jpg]
[www.eecs70.org/assets/staff-images/jason-dong.jpg]
[www.eecs70.org/assets/staff-images/joseph-chan.jpg]
[www.eecs70.org/assets/staff-images/ylann-bouis.png]
[www.eecs70.org/staff/index.html]
[edcdn.net/assets/favicon-64x64.eab1c85f.png]
[edcdn.net/assets/apple-touch-icon.c861c403.png]
[edcdn.net/css/app.65def9a3.css]
[edcdn.net/js/2096f5b8.js]
[edcdn.net/js/e5bffb83.js]
[edcdn.net/js/3614fca7.js]
[edcdn.net/js/69aa656b.js]
[edcdn.net/js/b4e53b3a.js]
[edcdn.net/js/575a7ae0.js]
[edstem.org/us/join/Pd2FHM.html]
[edcdn.net/js/3e18d78f.js]
[oh.eecs70.org/static/img/favicon/apple-touch-icon.png]
[oh.eecs70.org/static/img/favicon/favicon-32x32.png]
[oh.eecs70.org/static/img/favicon/android-chrome-192x192.png]
[oh.eecs70.org/static/img/favicon/favicon-16x16.png]
[oh.eecs70.org/static/img/favicon/manifest.json]
[oh.eecs70.org/static/img/favicon/favicon.ico]
[oh.eecs70.org/static/img/favicon/mstile-144x144.png]
[oh.eecs70.org/static/img/favicon/browserconfig.xml]
[cdnjs.cloudflare.com/ajax/libs/twitter-bootstrap/3.3.7/css/bootstrap.min.css]
[cdnjs.cloudflare.com/ajax/libs/bootstrap-select/1.11.0/css/bootstrap-select.min.css]
[cdnjs.cloudflare.com/ajax/libs/bootstrap-toggle/2.2.2/css/bootstrap-toggle.min.css]
[oh.eecs70.org/static/public/stylea8ea.css]
[cdnjs.cloudflare.com/ajax/libs/qs/6.6.0/qs.min.js]
[cdnjs.cloudflare.com/ajax/libs/jquery/3.1.0/jquery.min.js]
[cdnjs.cloudflare.com/ajax/libs/socket.io/1.7.3/socket.io.min.js]
[cdnjs.cloudflare.com/ajax/libs/twitter-bootstrap/3.3.7/js/bootstrap.min.js]
[cdnjs.cloudflare.com/ajax/libs/bootstrap-select/1.11.0/js/bootstrap-select.min.js]
[cdnjs.cloudflare.com/ajax/libs/react/16.13.0/umd/react.production.min.js]
[cdnjs.cloudflare.com/ajax/libs/react-router-dom/5.1.2/react-router-dom.min.js]
[cdnjs.cloudflare.com/ajax/libs/react-transition-group/2.8.0/react-transition-group.min.js]
[cdnjs.cloudflare.com/ajax/libs/react-dom/16.13.0/umd/react-dom.production.min.js]
[cdnjs.cloudflare.com/ajax/libs/moment.js/2.15.1/moment.min.js]
[cdnjs.cloudflare.com/ajax/libs/babel-polyfill/6.16.0/polyfill.min.js]
[cdnjs.cloudflare.com/ajax/libs/moment-timezone/0.5.28/moment-timezone-with-data-10-year-range.min.js]
[cdnjs.cloudflare.com/ajax/libs/push.js/0.0.12/push.min.js]
[cdnjs.cloudflare.com/ajax/libs/classnames/2.2.5/index.min.js]
[cdnjs.cloudflare.com/ajax/libs/bootstrap-toggle/2.2.2/js/bootstrap-toggle.min.js]
[cdnjs.cloudflare.com/ajax/libs/limonte-sweetalert2/9.17.2/sweetalert2.min.css]
[cdnjs.cloudflare.com/ajax/libs/react-markdown/4.2.2/react-markdown.js]
[cdnjs.cloudflare.com/ajax/libs/limonte-sweetalert2/9.17.2/sweetalert2.min.js]
[oh.eecs70.org/index.html]
[oh.eecs70.org/static/public/commona346.js]
[auth.berkeley.edu/cas/webjars/jquery/3.7.1/jquery.min-2c872dbe60f4ba70fb85356113d8b35e.js]
[auth.berkeley.edu/cas/webjars/datatables/2.3.2/js/dataTables-8e31487c41abe2938c55b5dcde42a604.js]
[auth.berkeley.edu/cas/webjars/clientjs/0.2.1/dist/client.min-5b6a46b3fb2ab9307d013def98fd7289.js]
[auth.berkeley.edu/cas/webjars/material-components-web/14.0.0/dist/material-components-web.min-3c99031127092dd1984f2e3aa6aeed8b.js]
[auth.berkeley.edu/cas/js/cas-cd46228f2a9b608731f0c9dacfb9758c.js]
[auth.berkeley.edu/cas/js/material-b55ff53584b5e775934a54f8a5dd3ba8.js]
[auth.berkeley.edu/cas/js/custom-68f2256de5c80303b099502064d175ed.js]
[auth.berkeley.edu/cas/js/login.js]
[auth.berkeley.edu/cas/login363f.html]
[bcourses.berkeley.edu/login.html]
[www.eecs70.org/assets/pdf/dis01b-sol.pdf]
[www.eecs70.org/assets/pdf/slides/lec5.pdf]
[www.eecs70.org/assets/pdf/slides/lec6.pdf]
[bcourses.berkeley.edu/courses/1551726/pages/lecture-7]
[www.eecs70.org/assets/pdf/slides/lec10_annotated.pdf]
[www.eecs70.org/assets/pdf/slides/lec12_annotated.pdf]
[www.eecs70.org/assets/pdf/dis06b.pdf]
[www.eecs70.org/assets/pdf/mini-vitamins/mini-vitamin-7a.pdf]
[www.eecs70.org/assets/pdf/hw11-sol.pdf]
[www.eecs70.org/assets/fonts/open-sans-v15-latin-regular.svg]
[www.eecs70.org/assets/fonts/open-sans-v15-latin-700.svg]
[www.eecs70.org/assets/fonts/open-iconic.svg]
[www.eecs70.org/resources/ed-etiquette/index.html]
[www.eecs70.org/resources/survival-tips.html]
[www.eecs70.org/resources/mt1/midterm_fa25_sol.pdf]
[www.eecs70.org/resources/final/final_fa25.pdf]
[www.eecs70.org/resources/final/final_fa25_sol.pdf]
[www.eecs70.org/resources/mt1/midterm_sp25.pdf]
[www.eecs70.org/resources/mt1/midterm_sp25_sol.pdf]
[www.eecs70.org/resources/final/final_sp25.pdf]
[www.eecs70.org/resources/final/final_sp25_sol.pdf]
[www.eecs70.org/resources/mt1/midterm_fa24.pdf]
[www.eecs70.org/resources/mt1/midterm_fa24_sol.pdf]
[www.eecs70.org/resources/final/final_fa24.pdf]
[www.eecs70.org/resources/final/final_fa24_sol.pdf]
[www.eecs70.org/resources/mt1/midterm_sp24.pdf]
[www.eecs70.org/resources/mt1/midterm_sp24_sol.pdf]
[www.eecs70.org/resources/final/final_sp24.pdf]
[www.eecs70.org/resources/final/final_sp24_sol.pdf]
[www.eecs70.org/resources/mt1/midterm_fa23.pdf]
[www.eecs70.org/resources/mt1/midterm_fa23_sol.pdf]
[www.eecs70.org/resources/final/final_fa23.pdf]
[www.eecs70.org/resources/final/final_fa23_sol.pdf]
[www.eecs70.org/resources/mt1/midterm_sp23_sol.pdf]
[www.eecs70.org/resources/final/final_sp23.pdf]
[www.eecs70.org/resources/final/final_sp23_sol.pdf]
[www.eecs70.org/resources/previous-exams.html]
[cdnjs.cloudflare.com/ajax/libs/mathjax/2.7.0/MathJax34a4.js]
[www.eecs70.org/assets/katex.min.css]
[www.eecs70.org/assets/katex.min.js]
[www.eecs70.org/assets/auto-render.min.js]
[www.eecs70.org/assets/misc/homework_template.tex]
[www.eecs70.org/resources/latex-guide/index.html]
[edcdn.net/css/app.65def9a3.css]
[oh.eecs70.org/static/img/favicon/safari-pinned-tab.svg]
[cdnjs.cloudflare.com/ajax/libs/twitter-bootstrap/3.3.7/css/bootstrap.min.css]
[cdnjs.cloudflare.com/ajax/libs/bootstrap-select/1.11.0/css/bootstrap-select.min.css]
[cdnjs.cloudflare.com/ajax/libs/bootstrap-toggle/2.2.2/css/bootstrap-toggle.min.css]
[oh.eecs70.org/static/public/stylea8ea.css]
[oh.eecs70.org/static/img/favicon.html]
[cdnjs.cloudflare.com/ajax/libs/limonte-sweetalert2/9.17.2/sweetalert2.min.css]
[auth.berkeley.edu/cas/webjars/normalize.css/8.0.1/normalize-112272e51c80ffe5bd01becd2ce7d656.css]
[auth.berkeley.edu/cas/webjars/bootstrap/5.3.8/css/bootstrap-grid.min-895b9494c7178ac12ad9c56d81305665.css]
[auth.berkeley.edu/cas/webjars/material-components-web/14.0.0/dist/material-components-web.min-9da9033e8d04504fe54b3dbb1298fd78.css]
[auth.berkeley.edu/cas/webjars/mdi__font/7.4.47/fonts/materialdesignicons-webfont-8ced95a05e3c82d7b6ef6cd3f31c7ccb6937.eot]
[auth.berkeley.edu/cas/webjars/mdi__font/7.4.47/fonts/materialdesignicons-webfont-8ced95a05e3c82d7b6ef6cd3f31c7ccbd41d.eot]
[auth.berkeley.edu/cas/webjars/mdi__font/7.4.47/fonts/materialdesignicons-webfont-1d7bcee1b302339c3b8db10214dc9ec66937.woff2]
[auth.berkeley.edu/cas/webjars/mdi__font/7.4.47/fonts/materialdesignicons-webfont-026b7ac9c43c7e04250f00acd510fa496937.woff]
[auth.berkeley.edu/cas/webjars/mdi__font/7.4.47/fonts/materialdesignicons-webfont-6e435534bd35da5fef04168860a9b8fa6937.ttf]
[auth.berkeley.edu/cas/webjars/mdi__font/7.4.47/css/materialdesignicons.min-2c83c4bce691e18f82409f87b2bf84e4.css]
[auth.berkeley.edu/cas/webjars/datatables/2.3.2/css/dataTables.dataTables-86c98d6ce5aa289ccf4492ac3a785fad.css]
[auth.berkeley.edu/cas/css/cas-a90aca7e2afb259734284377211db332.css]
[auth.berkeley.edu/cas/css/custom-f4c452be2717052669e88ca365d3d41b.css]
[auth.berkeley.edu/cas/images/B-favicon-b72f8be7d6c344ef49d6e2c7e4abaa1e.svg]
[auth.berkeley.edu/cas/Trident/index.html]
[auth.berkeley.edu/cas/images/UCBerkeley_Logo_Berkeley.svg]
[www.eecs70.org/assets/pdf/slides/lec1_annotated.pdf]
[bcourses.berkeley.edu/courses/1551726/pages/lecture-7]
[www.eecs70.org/assets/pdf/slides/lec7_annotated.pdf]
[www.eecs70.org/assets/pdf/slides/lec8.pdf]
[www.eecs70.org/resources/mt1/midterm_fa25.pdf]
[www.eecs70.org/resources/mt1/midterm_sp23.pdf]
[www.eecs70.org/assets/fonts/KaTeX_AMS-Regular.woff2]
[www.eecs70.org/assets/fonts/KaTeX_AMS-Regular.woff]
[www.eecs70.org/assets/fonts/KaTeX_AMS-Regular.ttf]
[www.eecs70.org/assets/fonts/KaTeX_Caligraphic-Bold.woff2]
[www.eecs70.org/assets/fonts/KaTeX_Caligraphic-Bold.woff]
[www.eecs70.org/assets/fonts/KaTeX_Caligraphic-Bold.ttf]
[www.eecs70.org/assets/fonts/KaTeX_Caligraphic-Regular.woff2]
[www.eecs70.org/assets/fonts/KaTeX_Caligraphic-Regular.woff]
[www.eecs70.org/assets/fonts/KaTeX_Caligraphic-Regular.ttf]
[www.eecs70.org/assets/fonts/KaTeX_Fraktur-Bold.woff2]
[www.eecs70.org/assets/fonts/KaTeX_Fraktur-Bold.woff]
[www.eecs70.org/assets/fonts/KaTeX_Fraktur-Bold.ttf]
[www.eecs70.org/assets/fonts/KaTeX_Fraktur-Regular.woff2]
[www.eecs70.org/assets/fonts/KaTeX_Fraktur-Regular.woff]
[www.eecs70.org/assets/fonts/KaTeX_Fraktur-Regular.ttf]
[www.eecs70.org/assets/fonts/KaTeX_Main-Bold.woff2]
[www.eecs70.org/assets/fonts/KaTeX_Main-Bold.woff]
[www.eecs70.org/assets/fonts/KaTeX_Main-Bold.ttf]
[www.eecs70.org/assets/fonts/KaTeX_Main-BoldItalic.woff2]
[www.eecs70.org/assets/fonts/KaTeX_Main-BoldItalic.woff]
[www.eecs70.org/assets/fonts/KaTeX_Main-BoldItalic.ttf]
[www.eecs70.org/assets/fonts/KaTeX_Main-Italic.woff2]
[www.eecs70.org/assets/fonts/KaTeX_Main-Italic.woff]
[www.eecs70.org/assets/fonts/KaTeX_Main-Italic.ttf]
[www.eecs70.org/assets/fonts/KaTeX_Main-Regular.woff2]
[www.eecs70.org/assets/fonts/KaTeX_Main-Regular.woff]
[www.eecs70.org/assets/fonts/KaTeX_Main-Regular.ttf]
[www.eecs70.org/assets/fonts/KaTeX_Math-BoldItalic.woff2]
[www.eecs70.org/assets/fonts/KaTeX_Math-BoldItalic.woff]
[www.eecs70.org/assets/fonts/KaTeX_Math-BoldItalic.ttf]
[www.eecs70.org/assets/fonts/KaTeX_Math-Italic.woff2]
[www.eecs70.org/assets/fonts/KaTeX_Math-Italic.woff]
[www.eecs70.org/assets/fonts/KaTeX_Math-Italic.ttf]
[www.eecs70.org/assets/fonts/KaTeX_SansSerif-Bold.woff2]
[www.eecs70.org/assets/fonts/KaTeX_SansSerif-Bold.woff]
[www.eecs70.org/assets/fonts/KaTeX_SansSerif-Bold.ttf]
[www.eecs70.org/assets/fonts/KaTeX_SansSerif-Italic.woff2]
[www.eecs70.org/assets/fonts/KaTeX_SansSerif-Italic.woff]
[www.eecs70.org/assets/fonts/KaTeX_SansSerif-Italic.ttf]
[www.eecs70.org/assets/fonts/KaTeX_SansSerif-Regular.woff2]
[www.eecs70.org/assets/fonts/KaTeX_SansSerif-Regular.woff]
[www.eecs70.org/assets/fonts/KaTeX_SansSerif-Regular.ttf]
[www.eecs70.org/assets/fonts/KaTeX_Script-Regular.woff2]
[www.eecs70.org/assets/fonts/KaTeX_Script-Regular.woff]
[www.eecs70.org/assets/fonts/KaTeX_Script-Regular.ttf]
[www.eecs70.org/assets/fonts/KaTeX_Size1-Regular.woff2]
[www.eecs70.org/assets/fonts/KaTeX_Size1-Regular.woff]
[www.eecs70.org/assets/fonts/KaTeX_Size1-Regular.ttf]
[www.eecs70.org/assets/fonts/KaTeX_Size2-Regular.woff2]
[www.eecs70.org/assets/fonts/KaTeX_Size2-Regular.woff]
[www.eecs70.org/assets/fonts/KaTeX_Size2-Regular.ttf]
[www.eecs70.org/assets/fonts/KaTeX_Size3-Regular.woff2]
[www.eecs70.org/assets/fonts/KaTeX_Size3-Regular.woff]
[www.eecs70.org/assets/fonts/KaTeX_Size3-Regular.ttf]
[www.eecs70.org/assets/fonts/KaTeX_Size4-Regular.woff2]
[www.eecs70.org/assets/fonts/KaTeX_Size4-Regular.woff]
[www.eecs70.org/assets/fonts/KaTeX_Size4-Regular.ttf]
[www.eecs70.org/assets/fonts/KaTeX_Typewriter-Regular.woff2]
[www.eecs70.org/assets/fonts/KaTeX_Typewriter-Regular.woff]
[www.eecs70.org/assets/fonts/KaTeX_Typewriter-Regular.ttf]
[www.eecs70.org/assets/katex.min.css]
[docs.google.com/forms/d/e/1FAIpQLSdlH2K4f87r2WJLvLBgsXdUPD--NL7TJm6OhzlxosDOqLtuRw/viewform0e12]
[www.eecs70.org/assets/pdf/slides/lec6_annotated.pdf]
[www.eecs70.org/assets/pdf/slides/lec4_annotated.pdf]
